{"@timestamp":"2025-03-27T10:13:57.600003-05:00","@version":"1","message":"Starting EjemploGrafanaApplication using Java 21.0.4 with PID 26297 (/Users/joselopezvelez/Universities/UdeM/Gestion-configuracion/proyecto base Grafana/ejemplo-grafana/target/classes started by joselopezvelez in /Users/joselopezvelez/Universities/UdeM/Gestion-configuracion/proyecto base Grafana/ejemplo-grafana)","logger_name":"co.edu.udem.ejemplografana.EjemploGrafanaApplication","thread_name":"main","level":"INFO","level_value":20000}
{"@timestamp":"2025-03-27T10:13:57.603242-05:00","@version":"1","message":"No active profile set, falling back to 1 default profile: \"default\"","logger_name":"co.edu.udem.ejemplografana.EjemploGrafanaApplication","thread_name":"main","level":"INFO","level_value":20000}
{"@timestamp":"2025-03-27T10:13:57.930887-05:00","@version":"1","message":"Tomcat initialized with port 8080 (http)","logger_name":"org.springframework.boot.web.embedded.tomcat.TomcatWebServer","thread_name":"main","level":"INFO","level_value":20000}
{"@timestamp":"2025-03-27T10:13:57.936071-05:00","@version":"1","message":"Starting service [Tomcat]","logger_name":"org.apache.catalina.core.StandardService","thread_name":"main","level":"INFO","level_value":20000}
{"@timestamp":"2025-03-27T10:13:57.936298-05:00","@version":"1","message":"Starting Servlet engine: [Apache Tomcat/10.1.36]","logger_name":"org.apache.catalina.core.StandardEngine","thread_name":"main","level":"INFO","level_value":20000}
{"@timestamp":"2025-03-27T10:13:57.950052-05:00","@version":"1","message":"Initializing Spring embedded WebApplicationContext","logger_name":"org.apache.catalina.core.ContainerBase.[Tomcat].[localhost].[/]","thread_name":"main","level":"INFO","level_value":20000}
{"@timestamp":"2025-03-27T10:13:57.950318-05:00","@version":"1","message":"Root WebApplicationContext: initialization completed in 333 ms","logger_name":"org.springframework.boot.web.servlet.context.ServletWebServerApplicationContext","thread_name":"main","level":"INFO","level_value":20000}
{"@timestamp":"2025-03-27T10:13:58.136377-05:00","@version":"1","message":"Exposing 1 endpoint beneath base path '/actuator'","logger_name":"org.springframework.boot.actuate.endpoint.web.EndpointLinksResolver","thread_name":"main","level":"INFO","level_value":20000}
{"@timestamp":"2025-03-27T10:13:58.156956-05:00","@version":"1","message":"Tomcat started on port 8080 (http) with context path '/'","logger_name":"org.springframework.boot.web.embedded.tomcat.TomcatWebServer","thread_name":"main","level":"INFO","level_value":20000}
{"@timestamp":"2025-03-27T10:13:58.16268-05:00","@version":"1","message":"Started EjemploGrafanaApplication in 0.794 seconds (process running for 1.007)","logger_name":"co.edu.udem.ejemplografana.EjemploGrafanaApplication","thread_name":"main","level":"INFO","level_value":20000}
{"@timestamp":"2025-03-27T10:13:58.252917-05:00","@version":"1","message":"Initializing Spring DispatcherServlet 'dispatcherServlet'","logger_name":"org.apache.catalina.core.ContainerBase.[Tomcat].[localhost].[/]","thread_name":"RMI TCP Connection(2)-127.0.0.1","level":"INFO","level_value":20000}
{"@timestamp":"2025-03-27T10:13:58.25327-05:00","@version":"1","message":"Initializing Servlet 'dispatcherServlet'","logger_name":"org.springframework.web.servlet.DispatcherServlet","thread_name":"RMI TCP Connection(2)-127.0.0.1","level":"INFO","level_value":20000}
{"@timestamp":"2025-03-27T10:13:58.254012-05:00","@version":"1","message":"Completed initialization in 0 ms","logger_name":"org.springframework.web.servlet.DispatcherServlet","thread_name":"RMI TCP Connection(2)-127.0.0.1","level":"INFO","level_value":20000}
{"@timestamp":"2025-03-27T10:14:06.101816-05:00","@version":"1","message":"Saludando","logger_name":"co.edu.udem.ejemplografana.controller.EjemploController","thread_name":"http-nio-8080-exec-1","level":"INFO","level_value":20000}
{"@timestamp":"2025-03-27T10:14:52.822448-05:00","@version":"1","message":"Commencing graceful shutdown. Waiting for active requests to complete","logger_name":"org.springframework.boot.web.embedded.tomcat.GracefulShutdown","thread_name":"SpringApplicationShutdownHook","level":"INFO","level_value":20000}
{"@timestamp":"2025-03-27T10:14:52.829068-05:00","@version":"1","message":"Graceful shutdown complete","logger_name":"org.springframework.boot.web.embedded.tomcat.GracefulShutdown","thread_name":"tomcat-shutdown","level":"INFO","level_value":20000}
{"@timestamp":"2025-03-27T10:56:32.167545-05:00","@version":"1","message":"Starting EjemploGrafanaApplication using Java 21.0.4 with PID 28100 (/Users/joselopezvelez/Universities/UdeM/Gestion-configuracion/proyecto base Grafana/ejemplo-grafana/target/classes started by joselopezvelez in /Users/joselopezvelez/Universities/UdeM/Gestion-configuracion/proyecto base Grafana/ejemplo-grafana)","logger_name":"co.edu.udem.ejemplografana.EjemploGrafanaApplication","thread_name":"main","level":"INFO","level_value":20000}
{"@timestamp":"2025-03-27T10:56:32.170964-05:00","@version":"1","message":"No active profile set, falling back to 1 default profile: \"default\"","logger_name":"co.edu.udem.ejemplografana.EjemploGrafanaApplication","thread_name":"main","level":"INFO","level_value":20000}
{"@timestamp":"2025-03-27T10:56:32.525017-05:00","@version":"1","message":"Tomcat initialized with port 8080 (http)","logger_name":"org.springframework.boot.web.embedded.tomcat.TomcatWebServer","thread_name":"main","level":"INFO","level_value":20000}
{"@timestamp":"2025-03-27T10:56:32.530348-05:00","@version":"1","message":"Starting service [Tomcat]","logger_name":"org.apache.catalina.core.StandardService","thread_name":"main","level":"INFO","level_value":20000}
{"@timestamp":"2025-03-27T10:56:32.530564-05:00","@version":"1","message":"Starting Servlet engine: [Apache Tomcat/10.1.36]","logger_name":"org.apache.catalina.core.StandardEngine","thread_name":"main","level":"INFO","level_value":20000}
{"@timestamp":"2025-03-27T10:56:32.54405-05:00","@version":"1","message":"Initializing Spring embedded WebApplicationContext","logger_name":"org.apache.catalina.core.ContainerBase.[Tomcat].[localhost].[/]","thread_name":"main","level":"INFO","level_value":20000}
{"@timestamp":"2025-03-27T10:56:32.544315-05:00","@version":"1","message":"Root WebApplicationContext: initialization completed in 359 ms","logger_name":"org.springframework.boot.web.servlet.context.ServletWebServerApplicationContext","thread_name":"main","level":"INFO","level_value":20000}
{"@timestamp":"2025-03-27T10:56:32.740849-05:00","@version":"1","message":"Exposing 1 endpoint beneath base path '/actuator'","logger_name":"org.springframework.boot.actuate.endpoint.web.EndpointLinksResolver","thread_name":"main","level":"INFO","level_value":20000}
{"@timestamp":"2025-03-27T10:56:32.763123-05:00","@version":"1","message":"Tomcat started on port 8080 (http) with context path '/'","logger_name":"org.springframework.boot.web.embedded.tomcat.TomcatWebServer","thread_name":"main","level":"INFO","level_value":20000}
{"@timestamp":"2025-03-27T10:56:32.76897-05:00","@version":"1","message":"Started EjemploGrafanaApplication in 0.867 seconds (process running for 1.11)","logger_name":"co.edu.udem.ejemplografana.EjemploGrafanaApplication","thread_name":"main","level":"INFO","level_value":20000}
{"@timestamp":"2025-03-27T10:56:33.305135-05:00","@version":"1","message":"Initializing Spring DispatcherServlet 'dispatcherServlet'","logger_name":"org.apache.catalina.core.ContainerBase.[Tomcat].[localhost].[/]","thread_name":"RMI TCP Connection(1)-127.0.0.1","level":"INFO","level_value":20000}
{"@timestamp":"2025-03-27T10:56:33.305448-05:00","@version":"1","message":"Initializing Servlet 'dispatcherServlet'","logger_name":"org.springframework.web.servlet.DispatcherServlet","thread_name":"RMI TCP Connection(1)-127.0.0.1","level":"INFO","level_value":20000}
{"@timestamp":"2025-03-27T10:56:33.306321-05:00","@version":"1","message":"Completed initialization in 1 ms","logger_name":"org.springframework.web.servlet.DispatcherServlet","thread_name":"RMI TCP Connection(1)-127.0.0.1","level":"INFO","level_value":20000}
{"@timestamp":"2025-03-27T10:56:46.492526-05:00","@version":"1","message":"Saludando","logger_name":"co.edu.udem.ejemplografana.controller.EjemploController","thread_name":"http-nio-8080-exec-2","level":"INFO","level_value":20000}
{"@timestamp":"2025-03-27T10:56:51.598617-05:00","@version":"1","message":"Despidiendo","logger_name":"co.edu.udem.ejemplografana.controller.EjemploController","thread_name":"http-nio-8080-exec-3","level":"INFO","level_value":20000}
{"@timestamp":"2025-03-27T10:56:55.206211-05:00","@version":"1","message":"Despidiendo","logger_name":"co.edu.udem.ejemplografana.controller.EjemploController","thread_name":"http-nio-8080-exec-4","level":"INFO","level_value":20000}
{"@timestamp":"2025-03-27T10:56:56.589637-05:00","@version":"1","message":"Despidiendo","logger_name":"co.edu.udem.ejemplografana.controller.EjemploController","thread_name":"http-nio-8080-exec-5","level":"INFO","level_value":20000}
{"@timestamp":"2025-03-27T10:56:57.708033-05:00","@version":"1","message":"Despidiendo","logger_name":"co.edu.udem.ejemplografana.controller.EjemploController","thread_name":"http-nio-8080-exec-6","level":"INFO","level_value":20000}
{"@timestamp":"2025-03-27T10:56:58.031923-05:00","@version":"1","message":"Despidiendo","logger_name":"co.edu.udem.ejemplografana.controller.EjemploController","thread_name":"http-nio-8080-exec-7","level":"INFO","level_value":20000}
{"@timestamp":"2025-03-27T10:56:58.195462-05:00","@version":"1","message":"Despidiendo","logger_name":"co.edu.udem.ejemplografana.controller.EjemploController","thread_name":"http-nio-8080-exec-8","level":"INFO","level_value":20000}
{"@timestamp":"2025-03-27T10:56:58.35484-05:00","@version":"1","message":"Despidiendo","logger_name":"co.edu.udem.ejemplografana.controller.EjemploController","thread_name":"http-nio-8080-exec-9","level":"INFO","level_value":20000}
{"@timestamp":"2025-03-27T10:56:58.564503-05:00","@version":"1","message":"Despidiendo","logger_name":"co.edu.udem.ejemplografana.controller.EjemploController","thread_name":"http-nio-8080-exec-10","level":"INFO","level_value":20000}
{"@timestamp":"2025-03-27T11:02:57.099343-05:00","@version":"1","message":"Commencing graceful shutdown. Waiting for active requests to complete","logger_name":"org.springframework.boot.web.embedded.tomcat.GracefulShutdown","thread_name":"SpringApplicationShutdownHook","level":"INFO","level_value":20000}
{"@timestamp":"2025-03-27T11:02:57.10557-05:00","@version":"1","message":"Graceful shutdown complete","logger_name":"org.springframework.boot.web.embedded.tomcat.GracefulShutdown","thread_name":"tomcat-shutdown","level":"INFO","level_value":20000}
